Running full agent flow...
================================================================================

=== TURN 1 ===
DEBUG: Original keywords: python machine-learning scikit-learn
DEBUG: Mapped query: python machine-learning scikit-learn
================================================================================
Finished: True
Last message length: 5909 chars
Last message content:
{
  "projects": [
    {
      "name": "handson-mlp",
      "github_url": "https://github.com/ageron/handson-mlp",
      "summary": "A series of Jupyter notebooks that walk you through the fundamentals of Machine Learning and Deep Learning using Scikit-Learn and PyTorch.",
      "difficulty": "intermediate",
      "estimated_time": "1-2 weeks",
      "stack_tags": [
        "Jupyter",
        "Scikit-Learn",
        "PyTorch"
      ],
      "why_match": "This project provides fundamental machine learning concepts and hands-on implementations, making it ideal for building a strong portfolio. It utilizes free tools and focuses on practical learning."
    },
    {
      "name": "skore",
      "github_url": "https://github.com/probabl-ai/skore",
      "summary": "An open-source Python library designed to accelerate ML model development with automated evaluation reports and smart guidance.",
      "difficulty": "intermediate",
      "estimated_time": "1-2 weeks",
      "stack_tags": [
        "Python",
        "Machine Learning"
      ],
      "why_match": "Skore offers structured methods to enhance ML pipelines, making it a great choice for showcasing your ability to improve data science workflows. The project is also free to use and well documented."
    },
    {
      "name": "skfolio",
      "github_url": "https://github.com/skfolio/skfolio",
      "summary": "A Python library for portfolio optimization built on top of scikit-learn.",
      "difficulty": "intermediate",
      "estimated_time": "1-2 weeks",
      "stack_tags": [
        "Python",
        "Finance",
        "Data Science"
      ],
      "why_match": "This project showcases portfolio optimization techniques, appealing to both finance and data science enthusiasts. It's a great way to demonstrate skills in applied data science without needing paid APIs."
    }
  ],
  "plan_for_selected_project": {
    "project_name": "handson-mlp",
    "github_url": "https://github.com/ageron/handson-mlp",
    "phases": [
      {
        "name": "Phase 1: Environment Setup",
        "duration": "2 Days",
        "goals": "Set up the development environment for Jupyter notebooks, Scikit-Learn, and PyTorch.",
        "tasks": [
          "Install Anaconda or Jupyter Notebook",
          "Create a virtual environment for Python",
          "Install required libraries (Scikit-Learn, PyTorch, Matplotlib, NumPy, Pandas)",
          "Set up version control with Git"
        ]
      },
      {
        "name": "Phase 2: Fundamental ML Concepts",
        "duration": "4 Days",
        "goals": "Explore and implement fundamental Machine Learning concepts using Scikit-Learn.",
        "tasks": [
          "Work through notebooks on classification, regression, and clustering",
          "Implement various algorithms (linear regression, k-nearest neighbors)",
          "Experiment with data preprocessing and model evaluation techniques",
          "Visualize results using Matplotlib"
        ]
      },
      {
        "name": "Phase 3: Deep Learning with PyTorch",
        "duration": "4 Days",
        "goals": "Gain hands-on experience with Deep Learning concepts using PyTorch.",
        "tasks": [
          "Work through notebooks on neural networks and backpropagation",
          "Implement basic models using PyTorch (e.g., feedforward networks)",
          "Experiment with training loops, loss functions, and optimizers",
          "Use datasets like MNIST or CIFAR-10 for model training and evaluation"
        ]
      },
      {
        "name": "Phase 4: Final Integrations and Documentation",
        "duration": "2 Days",
        "goals": "Consolidate learnings and create thorough documentation.",
        "tasks": [
          "Review and refine all completed notebooks",
          "Write comprehensive README to summarize the project and usage",
          "Add architecture diagrams to illustrate data flow and model designs",
          "Publish notebooks on Jupyter Notebook Viewer or GitHub"
        ]
      }
    ],
    "stack_options": [
      {
        "name": "Jupyter Notebook",
        "description": "An interactive notebook environment to share documents with live code."
      },
      {
        "name": "Scikit-Learn",
        "description": "A library for machine learning in Python that supports various algorithms."
      },
      {
        "name": "PyTorch",
        "description": "An open-source machine learning framework for deep learning applications."
      }
    ],
    "upgrade_path": [
      "Create a web app to showcase your models using Flask or Streamlit",
      "Develop a more advanced project integrating Natural Language Processing tools",
      "Explore transfer learning with pre-trained models in PyTorch"
    ],
    "checkpoints": [
      {
        "phase": "Phase 1: Environment Setup",
        "milestone": "You'll have the development environment ready to run Jupyter notebooks.",
        "share_tip": "Set up my ML dev environment using Jupyter and Git!"
      },
      {
        "phase": "Phase 2: Fundamental ML Concepts",
        "milestone": "Complete foundational ML algorithms with practical implementation.",
        "share_tip": "Implemented my first machine learning models using Scikit-Learn!"
      },
      {
        "phase": "Phase 3: Deep Learning with PyTorch",
        "milestone": "Successfully built and trained your first neural network with PyTorch.",
        "share_tip": "Dived into deep learning with PyTorch and trained my first neural net!"
      },
      {
        "phase": "Phase 4: Final Integrations and Documentation",
        "milestone": "Documented all findings and uploaded notebooks to GitHub.",
        "share_tip": "Created detailed documentation for my ML/DL project. Check it out on GitHub!"
      }
    ],
    "scope_note": null
  },
  "agent_trace": [
    "Analyzed request",
    "Searched GitHub",
    "Generated Roadmap"
  ]
}
✓ Valid JSON with 3 projects
